[    0.000000] Initializing cgroup subsys cpuset
[    0.000000] Initializing cgroup subsys cpu
[    0.000000] Initializing cgroup subsys cpuacct
[    0.000000] Linux version 4.4.0-210-generic (buildd@lgw01-amd64-009) (gcc version 5.4.0 20160609 (Ubuntu 5.4.0-6ubuntu1~16.04.12) ) #242-Ubuntu SMP Fri Apr 16 09:57:56 UTC 2021 (Ubuntu 4.4.0-210.242-generic 4.4.262)
[    0.000000] Command line: BOOT_IMAGE=/boot/vmlinuz-4.4.0-210-generic root=UUID=ce38f626-b02a-496e-9acf-8cacdd6a07eb ro console=tty1 console=ttyS0
[    0.000000] KERNEL supported cpus:
[    0.000000]   Intel GenuineIntel
[    0.000000]   AMD AuthenticAMD
[    0.000000]   Centaur CentaurHauls
[    0.000000] x86/fpu: xstate_offset[2]:  576, xstate_sizes[2]:  256
[    0.000000] x86/fpu: Supporting XSAVE feature 0x01: 'x87 floating point registers'
[    0.000000] x86/fpu: Supporting XSAVE feature 0x02: 'SSE registers'
[    0.000000] x86/fpu: Supporting XSAVE feature 0x04: 'AVX registers'
[    0.000000] x86/fpu: Enabled xstate features 0x7, context size is 832 bytes, using 'standard' format.
[    0.000000] e820: BIOS-provided physical RAM map:
[    0.000000] BIOS-e820: [mem 0x0000000000000000-0x000000000009fbff] usable
[    0.000000] BIOS-e820: [mem 0x000000000009fc00-0x000000000009ffff] reserved
[    0.000000] BIOS-e820: [mem 0x00000000000f0000-0x00000000000fffff] reserved
[    0.000000] BIOS-e820: [mem 0x0000000000100000-0x000000003ffeffff] usable
[    0.000000] BIOS-e820: [mem 0x000000003fff0000-0x000000003fffffff] ACPI data
[    0.000000] BIOS-e820: [mem 0x00000000fec00000-0x00000000fec00fff] reserved
[    0.000000] BIOS-e820: [mem 0x00000000fee00000-0x00000000fee00fff] reserved
[    0.000000] BIOS-e820: [mem 0x00000000fffc0000-0x00000000ffffffff] reserved
[    0.000000] NX (Execute Disable) protection: active
[    0.000000] SMBIOS 2.5 present.
[    0.000000] Hypervisor detected: KVM
[    0.000000] e820: last_pfn = 0x3fff0 max_arch_pfn = 0x400000000
[    0.000000] MTRR: Disabled
[    0.000000] x86/PAT: MTRRs disabled, skipping PAT initialization too.
[    0.000000] CPU MTRRs all blank - virtualized system.
[    0.000000] x86/PAT: Configuration [0-7]: WB  WT  UC- UC  WB  WT  UC- UC  
[    0.000000] found SMP MP-table at [mem 0x0009fff0-0x0009ffff] mapped at [ffff88000009fff0]
[    0.000000] Scanning 1 areas for low memory corruption
[    0.000000] RAMDISK: [mem 0x362de000-0x37166fff]
[    0.000000] ACPI: Early table checksum verification disabled
[    0.000000] ACPI: RSDP 0x00000000000E0000 000024 (v02 VBOX  )
[    0.000000] ACPI: XSDT 0x000000003FFF0030 00003C (v01 VBOX   VBOXXSDT 00000001 ASL  00000061)
[    0.000000] ACPI: FACP 0x000000003FFF00F0 0000F4 (v04 VBOX   VBOXFACP 00000001 ASL  00000061)
[    0.000000] ACPI: DSDT 0x000000003FFF0470 002325 (v02 VBOX   VBOXBIOS 00000002 INTL 20100528)
[    0.000000] ACPI: FACS 0x000000003FFF0200 000040
[    0.000000] ACPI: FACS 0x000000003FFF0200 000040
[    0.000000] ACPI: APIC 0x000000003FFF0240 00005C (v02 VBOX   VBOXAPIC 00000001 ASL  00000061)
[    0.000000] ACPI: SSDT 0x000000003FFF02A0 0001CC (v01 VBOX   VBOXCPUT 00000002 INTL 20100528)
[    0.000000] No NUMA configuration found
[    0.000000] Faking a node at [mem 0x0000000000000000-0x000000003ffeffff]
[    0.000000] NODE_DATA(0) allocated [mem 0x3ffeb000-0x3ffeffff]
[    0.000000] kvm-clock: Using msrs 4b564d01 and 4b564d00
[    0.000000] kvm-clock: cpu 0, msr 0:3ffe3001, primary cpu clock
[    0.000000] kvm-clock: using sched offset of 4499543360 cycles
[    0.000000] clocksource: kvm-clock: mask: 0xffffffffffffffff max_cycles: 0x1cd42e4dffb, max_idle_ns: 881590591483 ns
[    0.000000] Zone ranges:
[    0.000000]   DMA      [mem 0x0000000000001000-0x0000000000ffffff]
[    0.000000]   DMA32    [mem 0x0000000001000000-0x000000003ffeffff]
[    0.000000]   Normal   empty
[    0.000000]   Device   empty
[    0.000000] Movable zone start for each node
[    0.000000] Early memory node ranges
[    0.000000]   node   0: [mem 0x0000000000001000-0x000000000009efff]
[    0.000000]   node   0: [mem 0x0000000000100000-0x000000003ffeffff]
[    0.000000] Initmem setup node 0 [mem 0x0000000000001000-0x000000003ffeffff]
[    0.000000] ACPI: PM-Timer IO Port: 0x4008
[    0.000000] IOAPIC[0]: apic_id 2, version 32, address 0xfec00000, GSI 0-23
[    0.000000] ACPI: INT_SRC_OVR (bus 0 bus_irq 0 global_irq 2 dfl dfl)
[    0.000000] ACPI: INT_SRC_OVR (bus 0 bus_irq 9 global_irq 9 low level)
[    0.000000] Using ACPI (MADT) for SMP configuration information
[    0.000000] smpboot: Allowing 2 CPUs, 0 hotplug CPUs
[    0.000000] PM: Registered nosave memory: [mem 0x00000000-0x00000fff]
[    0.000000] PM: Registered nosave memory: [mem 0x0009f000-0x0009ffff]
[    0.000000] PM: Registered nosave memory: [mem 0x000a0000-0x000effff]
[    0.000000] PM: Registered nosave memory: [mem 0x000f0000-0x000fffff]
[    0.000000] e820: [mem 0x40000000-0xfebfffff] available for PCI devices
[    0.000000] Booting paravirtualized kernel on KVM
[    0.000000] clocksource: refined-jiffies: mask: 0xffffffff max_cycles: 0xffffffff, max_idle_ns: 7645519600211568 ns
[    0.000000] setup_percpu: NR_CPUS:512 nr_cpumask_bits:512 nr_cpu_ids:2 nr_node_ids:1
[    0.000000] PERCPU: Embedded 33 pages/cpu @ffff88003fc00000 s95192 r8192 d31784 u1048576
[    0.000000] Built 1 zonelists in Node order, mobility grouping on.  Total pages: 257912
[    0.000000] Policy zone: DMA32
[    0.000000] Kernel command line: BOOT_IMAGE=/boot/vmlinuz-4.4.0-210-generic root=UUID=ce38f626-b02a-496e-9acf-8cacdd6a07eb ro console=tty1 console=ttyS0
[    0.000000] PID hash table entries: 4096 (order: 3, 32768 bytes)
[    0.000000] Memory: 997796K/1048120K available (8644K kernel code, 1332K rwdata, 4044K rodata, 1492K init, 1164K bss, 50324K reserved, 0K cma-reserved)
[    0.000000] SLUB: HWalign=64, Order=0-3, MinObjects=0, CPUs=2, Nodes=1
[    0.000000] Kernel/User page tables isolation: enabled
[    0.000000] Hierarchical RCU implementation.
[    0.000000] 	Build-time adjustment of leaf fanout to 64.
[    0.000000] 	RCU restricting CPUs from NR_CPUS=512 to nr_cpu_ids=2.
[    0.000000] RCU: Adjusting geometry for rcu_fanout_leaf=64, nr_cpu_ids=2
[    0.000000] NR_IRQS:33024 nr_irqs:440 16
[    0.000000] Console: colour VGA+ 80x25
[    0.000000] console [tty1] enabled
[    0.000000] console [ttyS0] enabled
[    0.000000] tsc: Detected 2294.686 MHz processor
[    0.482432] Calibrating delay loop (skipped) preset value.. 4589.37 BogoMIPS (lpj=9178744)
[    0.487890] pid_max: default: 32768 minimum: 301
[    0.490967] ACPI: Core revision 20150930
[    0.499531] ACPI: 2 ACPI AML tables successfully acquired and loaded
[    0.503608] Security Framework initialized
[    0.506533] Yama: becoming mindful.
[    0.509121] AppArmor: AppArmor initialized
[    0.511802] Dentry cache hash table entries: 131072 (order: 8, 1048576 bytes)
[    0.518692] Inode-cache hash table entries: 65536 (order: 7, 524288 bytes)
[    0.522843] Mount-cache hash table entries: 2048 (order: 2, 16384 bytes)
[    0.525794] Mountpoint-cache hash table entries: 2048 (order: 2, 16384 bytes)
[    0.529217] Initializing cgroup subsys io
[    0.531238] Initializing cgroup subsys memory
[    0.533457] Initializing cgroup subsys devices
[    0.535604] Initializing cgroup subsys freezer
[    0.537837] Initializing cgroup subsys net_cls
[    0.540010] Initializing cgroup subsys perf_event
[    0.542326] Initializing cgroup subsys net_prio
[    0.544562] Initializing cgroup subsys hugetlb
[    0.546704] Initializing cgroup subsys pids
[    0.550006] mce: CPU supports 0 MCE banks
[    0.552105] Last level iTLB entries: 4KB 64, 2MB 8, 4MB 8
[    0.554574] Last level dTLB entries: 4KB 64, 2MB 0, 4MB 0, 1GB 4
[    0.557769] Spectre V1 : Mitigation: usercopy/swapgs barriers and __user pointer sanitization
[    0.561924] Spectre V2 : Mitigation: Full generic retpoline
[    0.564460] Spectre V2 : Spectre v2 / SpectreRSB mitigation: Filling RSB on context switch
[    0.568489] Speculative Store Bypass: Vulnerable
[    0.570712] SRBDS: Unknown: Dependent on hypervisor status
[    0.579287] MDS: Mitigation: Clear CPU buffers
[    0.588150] Freeing SMP alternatives memory: 36K
[    0.604352] ftrace: allocating 32380 entries in 127 pages
[    0.741223] smpboot: APIC(0) Converting physical 0 to logical package 0
[    0.744364] smpboot: Max logical packages: 1
[    0.747467] x2apic enabled
[    0.749921] Switched APIC routing to physical x2apic.
[    0.755607] ..TIMER: vector=0x30 apic1=0 pin1=2 apic2=-1 pin2=-1
[    0.866503] smpboot: CPU0: Intel(R) Core(TM) i5-5300U CPU @ 2.30GHz (family: 0x6, model: 0x3d, stepping: 0x4)
[    0.871723] Performance Events: unsupported p6 CPU model 61 no PMU driver, software events only.
[    0.897348] KVM setup paravirtual spinlock
[    0.900627] x86: Booting SMP configuration:
[    0.902752] .... node  #0, CPUs:      #1
[    0.904752] kvm-clock: cpu 1, msr 0:3ffe3041, secondary cpu clock
[    0.908320] mce: CPU supports 0 MCE banks
[    0.911930] x86: Booted up 1 node, 2 CPUs
[    0.914681] smpboot: Total of 2 processors activated (9178.74 BogoMIPS)
[    0.918507] devtmpfs: initialized
[    0.933927] evm: security.selinux
[    0.940781] evm: security.SMACK64
[    0.942727] evm: security.SMACK64EXEC
[    0.944979] evm: security.SMACK64TRANSMUTE
[    0.947092] evm: security.SMACK64MMAP
[    0.949013] evm: security.ima
[    0.950722] evm: security.capability
[    0.952935] clocksource: jiffies: mask: 0xffffffff max_cycles: 0xffffffff, max_idle_ns: 7645041785100000 ns
[    0.957743] futex hash table entries: 512 (order: 3, 32768 bytes)
[    0.960772] pinctrl core: initialized pinctrl subsystem
[    0.963513] RTC time:  0:52:10, date: 09/01/21
[    0.966028] NET: Registered protocol family 16
[    0.980054] cpuidle: using governor ladder
[    0.991116] cpuidle: using governor menu
[    0.993423] PCCT header not found.
[    0.995536] ACPI: bus type PCI registered
[    0.997565] acpiphp: ACPI Hot Plug PCI Controller Driver version: 0.5
[    1.000651] PCI: Using configuration type 1 for base access
[    1.016103] ACPI: Added _OSI(Module Device)
[    1.018389] ACPI: Added _OSI(Processor Device)
[    1.020749] ACPI: Added _OSI(3.0 _SCP Extensions)
[    1.023024] ACPI: Added _OSI(Processor Aggregator Device)
[    1.027540] ACPI: Executed 1 blocks of module-level executable AML code
[    1.037384] ACPI: Interpreter enabled
[    1.039409] ACPI: (supports S0 S5)
[    1.041369] ACPI: Using IOAPIC for interrupt routing
[    1.044382] PCI: Using host bridge windows from ACPI; if necessary, use "pci=nocrs" and report a bug
[    1.059167] ACPI: PCI Root Bridge [PCI0] (domain 0000 [bus 00-ff])
[    1.061932] acpi PNP0A03:00: _OSC: OS supports [ASPM ClockPM Segments MSI]
[    1.066067] acpi PNP0A03:00: _OSC: not requesting OS control; OS requires [ExtendedConfig ASPM ClockPM MSI]
[    1.071071] acpi PNP0A03:00: fail to add MMCONFIG information, can't access extended PCI configuration space under this bridge.
[    1.076952] PCI host bridge to bus 0000:00
[    1.079057] pci_bus 0000:00: root bus resource [io  0x0000-0x0cf7 window]
[    1.081959] pci_bus 0000:00: root bus resource [io  0x0d00-0xffff window]
[    1.084886] pci_bus 0000:00: root bus resource [mem 0x000a0000-0x000bffff window]
[    1.088669] pci_bus 0000:00: root bus resource [mem 0x40000000-0xfdffffff window]
[    1.092505] pci_bus 0000:00: root bus resource [bus 00-ff]
[    1.099252] pci 0000:00:01.1: legacy IDE quirk: reg 0x10: [io  0x01f0-0x01f7]
[    1.102270] pci 0000:00:01.1: legacy IDE quirk: reg 0x14: [io  0x03f6]
[    1.105148] pci 0000:00:01.1: legacy IDE quirk: reg 0x18: [io  0x0170-0x0177]
[    1.143968] pci 0000:00:01.1: legacy IDE quirk: reg 0x1c: [io  0x0376]
[    1.171016] pci 0000:00:07.0: quirk: [io  0x4000-0x403f] claimed by PIIX4 ACPI
[    1.174794] pci 0000:00:07.0: quirk: [io  0x4100-0x410f] claimed by PIIX4 SMB
[    1.187531] ACPI: PCI Interrupt Link [LNKA] (IRQs 5 9 10 *11)
[    1.191797] ACPI: PCI Interrupt Link [LNKB] (IRQs 5 9 *10 11)
[    1.195609] ACPI: PCI Interrupt Link [LNKC] (IRQs 5 *9 10 11)
[    1.199547] ACPI: PCI Interrupt Link [LNKD] (IRQs 5 9 10 *11)
[    1.203479] ACPI: Enabled 2 GPEs in block 00 to 07
[    1.206275] vgaarb: setting as boot device: PCI:0000:00:02.0
[    1.208818] vgaarb: device added: PCI:0000:00:02.0,decodes=io+mem,owns=io+mem,locks=none
[    1.212808] vgaarb: loaded
[    1.214421] vgaarb: bridge control possible 0000:00:02.0
[    1.217492] SCSI subsystem initialized
[    1.219618] ACPI: bus type USB registered
[    1.221668] usbcore: registered new interface driver usbfs
[    1.224206] usbcore: registered new interface driver hub
[    1.226694] usbcore: registered new device driver usb
[    1.230725] PCI: Using ACPI for IRQ routing
[    1.233384] NetLabel: Initializing
[    1.235271] NetLabel:  domain hash size = 128
[    1.237402] NetLabel:  protocols = UNLABELED CIPSOv4
[    1.239797] NetLabel:  unlabeled traffic allowed by default
[    1.242519] amd_nb: Cannot enumerate AMD northbridges
[    1.244944] clocksource: Switched to clocksource kvm-clock
[    1.266651] AppArmor: AppArmor Filesystem Enabled
[    1.269185] pnp: PnP ACPI init
[    1.272959] pnp: PnP ACPI: found 3 devices
[    1.285093] clocksource: acpi_pm: mask: 0xffffff max_cycles: 0xffffff, max_idle_ns: 2085701024 ns
[    1.289506] NET: Registered protocol family 2
[    1.292038] TCP established hash table entries: 8192 (order: 4, 65536 bytes)
[    1.295282] TCP bind hash table entries: 8192 (order: 5, 131072 bytes)
[    1.298193] TCP: Hash tables configured (established 8192 bind 8192)
[    1.301108] UDP hash table entries: 512 (order: 2, 16384 bytes)
[    1.303988] UDP-Lite hash table entries: 512 (order: 2, 16384 bytes)
[    1.306892] NET: Registered protocol family 1
[    1.309044] pci 0000:00:00.0: Limiting direct PCI/PCI transfers
[    1.311733] pci 0000:00:01.0: Activating ISA DMA hang workarounds
[    1.314759] Unpacking initramfs...
[    1.855871] Freeing initrd memory: 14884K
[    1.858294] RAPL PMU detected, API unit is 2^-32 Joules, 4 fixed counters 10737418240 ms ovfl timer
[    1.863110] hw unit of domain pp0-core 2^-0 Joules
[    1.865649] hw unit of domain package 2^-0 Joules
[    1.867951] hw unit of domain dram 2^-0 Joules
[    1.870252] hw unit of domain pp1-gpu 2^-0 Joules
[    1.872554] clocksource: tsc: mask: 0xffffffffffffffff max_cycles: 0x211399552f8, max_idle_ns: 440795292447 ns
[    1.877372] platform rtc_cmos: registered platform RTC device (no PNP device found)
[    1.881640] Scanning for low memory corruption every 60 seconds
[    1.885195] audit: initializing netlink subsys (disabled)
[    1.888670] audit: type=2000 audit(1630457537.090:1): initialized
[    1.892379] Initialise system trusted keyring
[    1.894853] HugeTLB registered 2 MB page size, pre-allocated 0 pages
[    1.901679] zbud: loaded
[    1.903991] VFS: Disk quotas dquot_6.6.0
[    1.906125] VFS: Dquot-cache hash table entries: 512 (order 0, 4096 bytes)
[    1.910075] squashfs: version 4.0 (2009/01/31) Phillip Lougher
[    1.913357] fuse init (API version 7.23)
[    1.915688] Key type big_key registered
[    1.917801] Allocating IMA MOK and blacklist keyrings.
[    1.921562] Key type asymmetric registered
[    1.923686] Asymmetric key parser 'x509' registered
[    1.926142] Block layer SCSI generic (bsg) driver version 0.4 loaded (major 249)
[    1.930071] io scheduler noop registered
[    1.932107] io scheduler deadline registered (default)
[    1.934693] io scheduler cfq registered
[    1.936958] pci_hotplug: PCI Hot Plug PCI Core version: 0.5
[    1.940031] pciehp: PCI Express Hot Plug Controller Driver version: 0.4
[    1.943199] ACPI: AC Adapter [AC] (on-line)
[    1.945441] input: Power Button as /devices/LNXSYSTM:00/LNXPWRBN:00/input/input0
[    1.949405] ACPI: Power Button [PWRF]
[    1.951532] input: Sleep Button as /devices/LNXSYSTM:00/LNXSLPBN:00/input/input1
[    1.956778] ACPI: Sleep Button [SLPF]
[    1.961060] GHES: HEST is not enabled!
[    1.961376] ACPI: Battery Slot [BAT0] (battery present)
[    1.966046] Serial: 8250/16550 driver, 32 ports, IRQ sharing enabled
[    1.990348] 00:02: ttyS0 at I/O 0x3f8 (irq = 4, base_baud = 115200) is a 16550A
[    1.998122] Linux agpgart interface v0.103
[    2.003289] loop: module loaded
[    2.006318] scsi host0: ata_piix
[    2.008336] scsi host1: ata_piix
[    2.010226] ata1: PATA max UDMA/33 cmd 0x1f0 ctl 0x3f6 bmdma 0xd000 irq 14
[    2.013215] ata2: PATA max UDMA/33 cmd 0x170 ctl 0x376 bmdma 0xd008 irq 15
[    2.016465] libphy: Fixed MDIO Bus: probed
[    2.018859] tun: Universal TUN/TAP device driver, 1.6
[    2.021314] tun: (C) 1999-2004 Max Krasnyansky <maxk@qualcomm.com>
[    2.024391] PPP generic driver version 2.4.2
[    2.026813] ehci_hcd: USB 2.0 'Enhanced' Host Controller (EHCI) Driver
[    2.029717] ehci-pci: EHCI PCI platform driver
[    2.031973] ehci-platform: EHCI generic platform driver
[    2.034697] ohci_hcd: USB 1.1 'Open' Host Controller (OHCI) Driver
[    2.037560] ohci-pci: OHCI PCI platform driver
[    2.039782] ohci-platform: OHCI generic platform driver
[    2.042282] uhci_hcd: USB Universal Host Controller Interface driver
[    2.045250] i8042: PNP: PS/2 Controller [PNP0303:PS2K,PNP0f03:PS2M] at 0x60,0x64 irq 1,12
[    2.050300] serio: i8042 KBD port at 0x60,0x64 irq 1
[    2.052668] serio: i8042 AUX port at 0x60,0x64 irq 12
[    2.055465] mousedev: PS/2 mouse device common for all mice
[    2.058789] input: AT Translated Set 2 keyboard as /devices/platform/i8042/serio0/input/input2
[    2.063821] rtc_cmos rtc_cmos: rtc core: registered rtc_cmos as rtc0
[    2.067180] rtc_cmos rtc_cmos: alarms up to one day, 114 bytes nvram
[    2.070417] i2c /dev entries driver
[    2.072396] device-mapper: uevent: version 1.0.3
[    2.074943] device-mapper: ioctl: 4.34.0-ioctl (2015-10-28) initialised: dm-devel@redhat.com
[    2.079115] ledtrig-cpu: registered to indicate activity on CPUs
[    2.082578] NET: Registered protocol family 10
[    2.085210] NET: Registered protocol family 17
[    2.087406] Key type dns_resolver registered
[    2.090246] registered taskstats version 1
[    2.092361] Loading compiled-in X.509 certificates
[    2.095783] Loaded X.509 cert 'Build time autogenerated kernel key: cf00e047681d67edb2720680708b7d9498083038'
[    2.100654] zswap: loaded using pool lzo/zbud
[    2.106268] Key type trusted registered
[    2.115047] Key type encrypted registered
[    2.117731] AppArmor: AppArmor sha1 policy hashing enabled
[    2.120770] ima: No TPM chip found, activating TPM-bypass!
[    2.123457] ima: Allocated hash algorithm: sha1
[    2.125759] evm: HMAC attrs: 0x1
[    2.128058]   Magic number: 5:428:859
[    2.130225] rtc_cmos rtc_cmos: setting system clock to 2021-09-01 00:52:11 UTC (1630457531)
[    2.134459] BIOS EDD facility v0.16 2004-Jun-25, 0 devices found
[    2.137187] EDD information not available.
[    2.200523] Freeing unused kernel memory: 1492K
[    2.202800] Write protecting the kernel read-only data: 14336k
[    2.206583] Freeing unused kernel memory: 1584K
[    2.209303] Freeing unused kernel memory: 52K
Loading, please wait...
starting version 229
[    2.234504] random: systemd-udevd: uninitialized urandom read (16 bytes read, 5 bits of entropy available)
[    2.235399] random: udevadm: uninitialized urandom read (16 bytes read, 5 bits of entropy available)
[    2.235430] random: udevadm: uninitialized urandom read (16 bytes read, 5 bits of entropy available)
[    2.253215] random: systemd-udevd: uninitialized urandom read (16 bytes read, 5 bits of entropy available)
[    2.259036] random: systemd-udevd: uninitialized urandom read (16 bytes read, 5 bits of entropy available)
[    2.261143] random: udevadm: uninitialized urandom read (16 bytes read, 5 bits of entropy available)
[    2.261247] random: udevadm: uninitialized urandom read (16 bytes read, 5 bits of entropy available)
[    2.261609] random: udevadm: uninitialized urandom read (16 bytes read, 5 bits of entropy available)
[    2.261732] random: udevadm: uninitialized urandom read (16 bytes read, 5 bits of entropy available)
[    2.261854] random: udevadm: uninitialized urandom read (16 bytes read, 5 bits of entropy available)
[    2.346413] Fusion MPT base driver 3.04.20
[    2.349144] Copyright (c) 1999-2008 LSI Corporation
[    2.352524] e1000: Intel(R) PRO/1000 Network Driver - version 7.3.21-k8-NAPI
[    2.355610] e1000: Copyright (c) 1999-2006 Intel Corporation.
[    2.385890] Fusion MPT SPI Host driver 3.04.20
[    2.427969] AVX2 version of gcm_enc/dec engaged.
[    2.430356] AES CTR mode by8 optimization enabled
[    2.572527] input: ImExPS/2 Generic Explorer Mouse as /devices/platform/i8042/serio1/input/input4
[    2.922318] e1000 0000:00:03.0 eth0: (PCI:33MHz:32-bit) 02:ed:98:3c:8e:82
[    2.927433] e1000 0000:00:03.0 eth0: Intel(R) PRO/1000 Network Connection
[    2.935683] mptbase: ioc0: Initiating bringup
[    2.936911] e1000 0000:00:03.0 enp0s3: renamed from eth0
[    3.007535] ioc0: LSI53C1030 A0: Capabilities={Initiator}
[    3.189927] scsi host2: ioc0: LSI53C1030 A0, FwRev=00000000h, Ports=1, MaxQ=256, IRQ=20
[    3.314823] scsi 2:0:0:0: Direct-Access     VBOX     HARDDISK         1.0  PQ: 0 ANSI: 5
[    3.330751] scsi target2:0:0: Beginning Domain Validation
[    3.350591] scsi target2:0:0: Domain Validation skipping write tests
[    3.359139] scsi target2:0:0: Ending Domain Validation
[    3.402338] scsi target2:0:0: asynchronous
[    3.405107] scsi 2:0:1:0: Direct-Access     VBOX     HARDDISK         1.0  PQ: 0 ANSI: 5
[    3.409077] scsi target2:0:1: Beginning Domain Validation
[    3.413106] scsi target2:0:1: Domain Validation skipping write tests
[    3.415858] scsi target2:0:1: Ending Domain Validation
[    3.418366] scsi target2:0:1: asynchronous
[    3.426466] sd 2:0:0:0: [sda] 83886080 512-byte logical blocks: (42.9 GB/40.0 GiB)
[    3.426843] sd 2:0:0:0: Attached scsi generic sg0 type 0
[    3.433487] sd 2:0:0:0: [sda] Write Protect is off
[    3.435926] sd 2:0:1:0: Attached scsi generic sg1 type 0
[    3.438720] sd 2:0:1:0: [sdb] 20480 512-byte logical blocks: (10.5 MB/10.0 MiB)
[    3.443189] sd 2:0:0:0: [sda] Incomplete mode parameter data
[    3.445931] sd 2:0:0:0: [sda] Assuming drive cache: write through
[    3.446185] sd 2:0:1:0: [sdb] Write Protect is off
[    3.446306] sd 2:0:1:0: [sdb] Incomplete mode parameter data
[    3.446307] sd 2:0:1:0: [sdb] Assuming drive cache: write through
[    3.451530] sd 2:0:1:0: [sdb] Attached SCSI disk
[    3.461153]  sda: sda1
[    3.463703] sd 2:0:0:0: [sda] Attached SCSI disk
Begin: Loading essential drivers ... [    5.615942] md: linear personality registered for level -1
[    5.623412] md: multipath personality registered for level -4
[    5.631188] md: raid0 personality registered for level 0
[    5.640612] md: raid1 personality registered for level 1
[    5.717052] raid6: sse2x1   gen()  2072 MB/s
[    5.785033] raid6: sse2x1   xor()  1195 MB/s
[    5.853015] raid6: sse2x2   gen()  3814 MB/s
[    5.921048] raid6: sse2x2   xor()  2683 MB/s
[    5.989043] raid6: sse2x4   gen()  5790 MB/s
[    6.057066] raid6: sse2x4   xor()  3291 MB/s
[    6.125108] raid6: avx2x1   gen()  4157 MB/s
[    6.197038] raid6: avx2x2   gen()  7680 MB/s
[    6.265022] raid6: avx2x4   gen() 12174 MB/s
[    6.267177] raid6: using algorithm avx2x4 gen() 12174 MB/s
[    6.269701] raid6: using avx2x2 recovery algorithm
[    6.274493] xor: automatically using best checksumming function:
[    6.312998]    avx       : 14561.000 MB/sec
[    6.317572] async_tx: api initialized (async)
[    6.338257] md: raid6 personality registered for level 6
[    6.340683] md: raid5 personality registered for level 5
[    6.346294] md: raid4 personality registered for level 4
[    6.361066] md: raid10 personality registered for level 10
done.
Begin: Running /scripts/init-premount ... done.
Begin: Mounting root file system ... Begin: Running /scripts/local-top ... done.
Begin: Running /scripts/local-premount ... [    6.430930] Btrfs loaded
Scanning for Btrfs filesystems
done.
Warning: fsck not present, so skipping root file system
[    6.473286] EXT4-fs (sda1): INFO: recovery required on readonly filesystem
[    6.476551] EXT4-fs (sda1): write access will be enabled during recovery
[    6.780076] EXT4-fs (sda1): recovery complete
[    6.783275] EXT4-fs (sda1): mounted filesystem with ordered data mode. Opts: (null)
done.
Begin: Running /scripts/local-bottom ... done.
Begin: Running /scripts/init-bottom ... done.
[    6.954315] systemd[1]: systemd 229 running in system mode. (+PAM +AUDIT +SELINUX +IMA +APPARMOR +SMACK +SYSVINIT +UTMP +LIBCRYPTSETUP +GCRYPT +GNUTLS +ACL +XZ -LZ4 +SECCOMP +BLKID +ELFUTILS +KMOD -IDN)
[    6.964511] systemd[1]: Detected virtualization oracle.
[    6.967066] systemd[1]: Detected architecture x86-64.

Welcome to [1mUbuntu 16.04.7 LTS[0m!

[    6.973744] systemd[1]: Set hostname to <ubuntu-xenial>.
[    7.077827] random: nonblocking pool is initialized
[    7.200854] systemd[1]: Listening on fsck to fsckd communication Socket.
[[0;32m  OK  [0m] Listening on fsck to fsckd communication Socket.
[    7.209202] systemd[1]: Created slice User and Session Slice.
[[0;32m  OK  [0m] Created slice User and Session Slice.
[    7.216360] systemd[1]: Listening on Syslog Socket.
[[0;32m  OK  [0m] Listening on Syslog Socket.
[    7.222937] systemd[1]: Set up automount Arbitrary Executable File Formats File System Automount Point.
[[0;32m  OK  [0m] Set up automount Arbitrary Executab...ats File System Automount Point.
[    7.233591] systemd[1]: Listening on /dev/initctl Compatibility Named Pipe.
[[0;32m  OK  [0m] Listening on /dev/initctl Compatibility Named Pipe.
[    7.241197] systemd[1]: Listening on udev Kernel Socket.
[[0;32m  OK  [0m] Listening on udev Kernel Socket.
[    7.247439] systemd[1]: Reached target User and Group Name Lookups.
[[0;32m  OK  [0m] Reached target User and Group Name Lookups.
[    7.254202] systemd[1]: Started Forward Password Requests to Wall Directory Watch.
[[0;32m  OK  [0m] Started Forward Password Requests to Wall Directory Watch.
[    7.264543] systemd[1]: Listening on Journal Audit Socket.
[[0;32m  OK  [0m] Listening on Journal Audit Socket.
[    7.271452] systemd[1]: Created slice System Slice.
[[0;32m  OK  [0m] Created slice System Slice.
[    7.277200] systemd[1]: Created slice system-serial\x2dgetty.slice.
[[0;32m  OK  [0m] Created slice system-serial\x2dgetty.slice.
[    7.284853] systemd[1]: Created slice system-postgresql.slice.
[[0;32m  OK  [0m] Created slice system-postgresql.slice.
[    7.291491] systemd[1]: Reached target Swap.
[[0;32m  OK  [0m] Reached target Swap.
[    7.296255] systemd[1]: Listening on Journal Socket (/dev/log).
[[0;32m  OK  [0m] Listening on Journal Socket (/dev/log).
[    7.301372] systemd[1]: Listening on LVM2 metadata daemon socket.
[[0;32m  OK  [0m] Listening on LVM2 metadata daemon socket.
[    7.306253] systemd[1]: Started Trigger resolvconf update for networkd DNS.
[[0;32m  OK  [0m] Started Trigger resolvconf update for networkd DNS.
[    7.312757] systemd[1]: Reached target Encrypted Volumes.
[[0;32m  OK  [0m] Reached target Encrypted Volumes.
[    7.318521] systemd[1]: Listening on Device-mapper event daemon FIFOs.
[[0;32m  OK  [0m] Listening on Device-mapper event daemon FIFOs.
[    7.325372] systemd[1]: Listening on LVM2 poll daemon socket.
[[0;32m  OK  [0m] Listening on LVM2 poll daemon socket.
[    7.331152] systemd[1]: Reached target System Time Synchronized.
[[0;32m  OK  [0m] Reached target System Time Synchronized.
[    7.336922] systemd[1]: Listening on Journal Socket.
[[0;32m  OK  [0m] Listening on Journal Socket.
[    7.355581] systemd[1]: Starting Set console keymap...
         Starting Set console keymap...
[    7.364637] systemd[1]: Mounting POSIX Message Queue File System...
         Mounting POSIX Message Queue File System...
[    7.373948] systemd[1]: Mounting Debug File System...
         Mounting Debug File System...
[    7.381034] systemd[1]: Starting Journal Service...
         Starting Journal Service...
[    7.389582] systemd[1]: Starting Load Kernel Modules...
         Starting Load Kernel Modules...
[    7.397617] systemd[1]: Starting Nameserver information manager...
         Starting Nameserver information manager...
[    7.407965] systemd[1]: Starting File System Check on Root Device...
         Starting File System Check on Root Device...
[    7.422587] systemd[1]: Starting Create list of required static device nodes for the current kernel...
         Starting Create list of required st... nodes for the current kernel...
[    7.432414] Loading iSCSI transport class v2.0-870.
[    7.433283] systemd[1]: Mounting Huge Pages File System...
         Mounting Huge Pages File System...
[    7.441931] systemd[1]: Listening on udev Control Socket.
[[0;32m  OK  [0m] Listening on udev Control Socket.
[    7.446909] systemd[1]: Reached target Slices.
[[0;32m  OK  [0m] Reached target Slices.
[    7.452785] systemd[1]: Starting Uncomplicated firewall...
         Starting Uncomplicated firewall...
[    7.460330] systemd[1]: Starting Monitoring of LVM2 mirrors, snapshots etc. using dmeventd or progress polling...
         Starting Monitoring of LVM2 mirrors... dmeventd or progress polling...
[    7.484134] systemd[1]: Mounted POSIX Message Queue File System.
[[0;32m  OK  [0m] Mounted POSIX Message Queue File System.
[    7.495959] iscsi: registered transport (tcp)
[    7.499010] systemd[1]: Mounted Debug File System.
[[0;32m  OK  [0m] Mounted Debug File System.
[    7.504221] systemd[1]: Mounted Huge Pages File System.
[[0;32m  OK  [0m] Mounted Huge Pages File System.
[    7.531040] systemd[1]: Started File System Check on Root Device.
[[0;32m  OK  [0m] Started File System Check on Root Device.
[    7.542498] systemd[1]: Started Create list of required static device nodes for the current kernel.
[[0;32m  OK  [0m] Started Create list of required sta...ce nodes for the current kernel.
[    7.556990] systemd[1]: Started Uncomplicated firewall.
[[0;32m  OK  [0m] Started Uncomplicated firewall.
[    7.577357] systemd[1]: Started Nameserver information manager.
[[0;32m  OK  [0m] Started Nameserver information manager.
[    7.592618] systemd[1]: Started Journal Service.
[[0;32m  OK  [0m] Started Journal Service.
[    7.599161] iscsi: registered transport (iser)
[[0;32m  OK  [0m] Started LVM2 metadata daemon.
[[0;32m  OK  [0m] Started File System Check Daemon to report status.
         Starting Create Static Device Nodes in /dev...
         Starting Remount Root and Kernel File Systems...
[[0;32m  OK  [0m] Started Load Kernel Modules.
         Starting Apply Kernel Variables...
         Mounting FUSE Control File System...
[[0;32m  OK  [0m] Mounted FUSE Control File System.
[    7.650435] EXT4-fs (sda1): re-mounted. Opts: (null)
[[0;32m  OK  [0m] Started Apply Kernel Variables.
[[0;32m  OK  [0m] Started Remount Root and Kernel File Systems.
         Starting Flush Journal to Persistent Storage...
         Starting udev Coldplug all Devices...
         Starting Load/Save Random Seed...
[[0;32m  OK  [0m] Started Create Static Device Nodes in /dev.
         Starting udev Kernel Device Manager...
[[0;32m  OK  [0m] Started Load/Save Random Seed.
[[0;32m  OK  [0m] Started Flush Journal to Persistent Storage.
[[0;32m  OK  [0m] Started Set console keymap.
[[0;32m  OK  [0m] Started udev Kernel Device Manager.
[[0;32m  OK  [0m] Started udev Coldplug all Devices.
[[0;32m  OK  [0m] Started Dispatch Password Requests to Console Directory Watch.
[[0;32m  OK  [0m] Started Monitoring of LVM2 mirrors,...ng dmeventd or progress polling.
[[0;32m  OK  [0m] Reached target Local File Systems (Pre).
[[0;32m  OK  [0m] Reached target Local File Systems.
         Starting Initial cloud-init job (pre-networking)...
         Starting Create Volatile Files and Directories...
         Starting LSB: AppArmor initialization...
         Starting Set console font and keymap...
         Starting Tell Plymouth To Write Out Runtime Data...
[[0;32m  OK  [0m] Started Tell Plymouth To Write Out Runtime Data.
[[0;32m  OK  [0m] Started Create Volatile Files and Directories.
         Starting Update UTMP about System Boot/Shutdown...
[[0;32m  OK  [0m] Started Update UTMP about System Boot/Shutdown.
[[0;32m  OK  [0m] Found device /dev/ttyS0.
[[0;32m  OK  [0m] Started LSB: AppArmor initialization.
[[0;32m  OK  [0m] Listening on Load/Save RF Kill Switch Status /dev/rfkill Watch.
         Starting Load AppArmor profiles managed internally by snapd...
[[0;32m  OK  [0m] Started Load AppArmor profiles managed internally by snapd.
[[0;32m  OK  [0m] Found device 82540EM Gigabit Ethern...r (PRO/1000 MT Desktop Adapter).
[[0;32m  OK  [0m] Started Initial cloud-init job (pre-networking).
[[0;32m  OK  [0m] Reached target Network (Pre).
[    9.697054] cloud-init[498]: Cloud-init v. 21.1-19-gbad84ad4-0ubuntu1~16.04.2 running 'init-local' at Wed, 01 Sep 2021 00:52:19 +0000. Up 9.10 seconds.
         Starting Raise network interfaces...
[[0;32m  OK  [0m] Started ifup for enp0s3.
[[0;32m  OK  [0m] Started Set console font and keymap.
[[0;32m  OK  [0m] Created slice system-getty.slice.
[[0;32m  OK  [0m] Started Raise network interfaces.
[[0;32m  OK  [0m] Reached target Network.
         Starting Initial cloud-init job (metadata service crawler)...
[   13.168977] cloud-init[986]: Cloud-init v. 21.1-19-gbad84ad4-0ubuntu1~16.04.2 running 'init' at Wed, 01 Sep 2021 00:52:22 +0000. Up 12.48 seconds.
[   13.174820] cloud-init[986]: ci-info: ++++++++++++++++++++++++++++++++++++++Net device info++++++++++++++++++++++++++++++++++++++
[   13.184652] cloud-init[986]: ci-info: +--------+------+----------------------------+---------------+--------+-------------------+
[   13.196595] cloud-init[986]: ci-info: | Device |  Up  |          Address           |      Mask     | Scope  |     Hw-Address    |
[   13.201918] cloud-init[986]: ci-info: +--------+------+----------------------------+---------------+--------+-------------------+
[   13.206865] cloud-init[986]: ci-info: | enp0s3 | True |         10.0.2.15          | 255.255.255.0 | global | 02:ed:98:3c:8e:82 |
[   13.211779] cloud-init[986]: ci-info: | enp0s3 | True | fe80::ed:98ff:fe3c:8e82/64 |       .       |  link  | 02:ed:98:3c:8e:82 |
[   13.216655] cloud-init[986]: ci-info: |   lo   | True |         127.0.0.1          |   255.0.0.0   |  host  |         .         |
[   13.221720] cloud-init[986]: ci-info: |   lo   | True |          ::1/128           |       .       |  host  |         .         |
[   13.226692] cloud-init[986]: ci-info: +--------+------+----------------------------+---------------+--------+-------------------+
[   13.231476] cloud-init[986]: ci-info: +++++++++++++++++++++++++++Route IPv4 info++++++++++++++++++++++++++++
[   13.235535] cloud-init[986]: ci-info: +-------+-------------+----------+---------------+-----------+-------+
[   13.240690] cloud-init[986]: ci-info: | Route | Destination | Gateway  |    Genmask    | Interface | Flags |
[   13.245446] cloud-init[986]: ci-info: +-------+-------------+----------+---------------+-----------+-------+
[   13.250119] cloud-init[986]: ci-info: |   0   |   0.0.0.0   | 10.0.2.2 |    0.0.0.0    |   enp0s3  |   UG  |
[   13.254742] cloud-init[986]: ci-info: |   1   |   10.0.2.0  | 0.0.0.0  | 255.255.255.0 |   enp0s3  |   U   |
[   13.260411] cloud-init[986]: ci-info: +-------+-------------+----------+---------------+-----------+-------+
[   13.264675] cloud-init[986]: ci-info: +++++++++++++++++++Route IPv6 info+++++++++++++++++++
[   13.268525] cloud-init[986]: ci-info: +-------+-------------+---------+-----------+-------+
[   13.276601] cloud-init[986]: ci-info: | Route | Destination | Gateway | Interface | Flags |
[   13.280706] cloud-init[986]: ci-info: +-------+-------------+---------+-----------+-------+
[   13.285490] cloud-init[[0;32m  OK  [0m] Started Initial cloud-init job (metadata service crawler).
[[0;32m  OK  [0m] Reached target Cloud-config availability.
[[0;32m  OK  [0m] Reached target Network is Online.
[986]: ci-info: |   0   |  fe80::/64  |    ::   |   enp0s3  |   U   |
[   13.294666] cloud-init[986]: ci-info: |   4   |   ff00::/8  |    ::   |   enp0s3  |   U   |
[   13.298229] cloud-init[986]: ci-info: +-------+-------------+---------+-----------+-------+
         Starting iSCSI initiator daemon (iscsid)...
[[0;32m  OK  [0m] Reached target System Initialization.
[[0;32m  OK  [0m] Started Daily apt download activities.
[[0;32m  OK  [0m] Started Daily Cleanup of Temporary Directories.
[[0;32m  OK  [0m] Listening on UUID daemon activation socket.
[[0;32m  OK  [0m] Listening on D-Bus System Message Bus Socket.
         Starting Socket activation for snappy daemon.
[[0;32m  OK  [0m] Started ACPI Events Check.
[[0;32m  OK  [0m] Reached target Paths.
[[0;32m  OK  [0m] Listening on ACPID Listen Socket.
[[0;32m  OK  [0m] Started Ubuntu Advantage update messaging.
[[0;32m  OK  [0m] Started Daily apt upgrade and clean activities.
         Starting LXD - unix socket.
[[0;32m  OK  [0m] Started Message of the Day.
[[0;32m  OK  [0m] Reached target Timers.
[[0;32m  OK  [0m] Listening on Socket activation for snappy daemon.
[[0;32m  OK  [0m] Listening on LXD - unix socket.
[[0;32m  OK  [0m] Reached target Sockets.
[[0;32m  OK  [0m] Reached target Basic System.
         Starting Accounts Service...
[[0;32m  OK  [0m] Started Deferred execution scheduler.
         Starting System Logging Service...
[[0;32m  OK  [0m] Started ACPI event daemon.
[[0;32m  OK  [0m] Started FUSE filesystem for LXC.
         Starting Login Service...
         Starting PostgreSQL Cluster 9.5-main...
         Starting /etc/rc.local Compatibility...
         Starting Virtualbox guest utils...
         Starting LSB: MD monitoring daemon...
         Starting LSB: Record successful boot for GRUB...
         Starting OpenBSD Secure Shell server...
[[0;32m  OK  [0m] Started Regular background program processing daemon.
         Starting LXD - container startup/shutdown...
[[0;32m  OK  [0m] Started D-Bus System Message Bus.
         Starting Ubuntu Advantage APT and MOTD Messages...
         Starting Snap Daemon...
[[0;32m  OK  [0m] Started System Logging Service.
[[0;32m  OK  [0m] Started iSCSI initiator daemon (iscsid).
[[0;32m  OK  [0m] Started /etc/rc.local Compatibility.
[[0;32m  OK  [0m] Started OpenBSD Secure Shell server.
[[0;32m  OK  [0m] Started Login Service.
[[0;32m  OK  [0m] Started Unattended Upgrades Shutdown.
         Starting Authenticate and Authorize Users to Run Privileged Tasks...
         Starting Login to default iSCSI targets...
[[0;32m  OK  [0m] Started LSB: Record successful boot for GRUB.
[[0;32m  OK  [0m] Started LSB: MD monitoring daemon.
[[0;32m  OK  [0m] Started Login to default iSCSI targets.
[[0;32m  OK  [0m] Reached target Remote File Systems (Pre).
         Mounting /home/vagrant/workspace...
         Mounting /vagrant...
[[0;32m  OK  [0m] Started Authenticate and Authorize Users to Run Privileged Tasks.
[[0;32m  OK  [0m] Started Accounts Service.
[[0;32m  OK  [0m] Started LXD - container startup/shutdown.
[[0;1;31mFAILED[0m] Failed to mount /vagrant.
See 'systemctl status vagrant.mount' for details.
[[0;1;33mDEPEND[0m] Dependency failed for Remote File Systems.
         Starting LSB: Set the CPU Frequency Scaling governor to "ondemand"...
         Starting LSB: daemon to balance interrupts for SMP systems...
         Starting Permit User Sessions...
         Starting LSB: Start/stop sysstat's sadc...
         Starting LSB: automatic crash report generation...
[[0;1;31mFAILED[0m] Failed to mount /home/vagrant/workspace.
See 'systemctl status home-vagrant-workspace.mount' for details.
[[0;32m  OK  [0m] Started Permit User Sessions.
         Starting Terminate Plymouth Boot Screen...
         Starting Hold until boot process finishes up...
[[0;32m  OK  [0m] Started Terminate Plymouth Boot Screen.
[[0;32m  OK  [0m] Started Hold until boot process finishes up.
[[0;32m  OK  [0m] Started LSB: Start/stop sysstat's sadc.
[[0;32m  OK  [0m] Started Serial Getty on ttyS0.
[[0;32m  OK  [0m] Started Getty on tty1.
[[0;32m  OK  [0m] Reached target Login Prompts.
         Starting Set console scheme...
[[0;32m  OK  [0m] Started LSB: Set the CPU Frequency Scaling governor to "ondemand".
[[0;32m  OK  [0m] Started LSB: automatic crash report generation.
[[0;32m  OK  [0m] Started Set console scheme.
[[0;32m  OK  [0m] Started LSB: daemon to balance interrupts for SMP systems.
[[0;32m  OK  [0m] Started Virtualbox guest utils.
[[0;32m  OK  [0m] Created slice User Slice of vagrant.
         Starting User Manager for UID 1000...
[[0;32m  OK  [0m] Started Session 1 of user vagrant.
[[0;32m  OK  [0m] Started User Manager for UID 1000.
[[0;32m  OK  [0m] Started Snap Daemon.
         Starting Wait until snapd is fully seeded...
[[0;32m  OK  [0m] Started Wait until snapd is fully seeded.
         Starting Apply the settings specified in cloud-config...
[[0;32m  OK  [0m] Started Ubuntu Advantage APT and MOTD Messages.
[   16.837290] cloud-init[1349]: Cloud-init v. 21.1-19-gbad84ad4-0ubuntu1~16.04.2 running 'modules:config' at Wed, 01 Sep 2021 00:52:26 +0000. Up 16.51 seconds.
[[0;32m  OK  [0m] Started Apply the settings specified in cloud-config.
[[0;32m  OK  [0m] Started PostgreSQL Cluster 9.5-main.
         Starting PostgreSQL RDBMS...
[[0;32m  OK  [0m] Started PostgreSQL RDBMS.
[[0;32m  OK  [0m] Reached target Multi-User System.
         Starting Execute cloud user/final scripts...
[[0;32m  OK  [0m] Reached target Graphical Interface.
         Starting Update UTMP about System Runlevel Changes...
[[0;32m  OK  [0m] Started Update UTMP about System Runlevel Changes.
[   20.261337] cloud-init[1436]: Cloud-init v. 21.1-19-gbad84ad4-0ubuntu1~16.04.2 running 'modules:final' at Wed, 01 Sep 2021 00:52:29 +0000. Up 19.82 seconds.
[   20.261854] cloud-init[1436]: Cloud-init v. 21.1-19-gbad84ad4-0ubuntu1~16.04.2 finished at Wed, 01 Sep 2021 00:52:30 +0000. Datasource DataSourceNoCloud [seed=/dev/sdb][dsmode=net].  Up 20.24 seconds

Ubuntu 16.04.7 LTS ubuntu-xenial ttyS0

ubuntu-xenial login: 